// Jest Snapshot v1, https://goo.gl/fbAQLP

exports[`answer renders correctly and matches snapshot 1`] = `"<button class=\\"answer-button\\"></button>"`;
