// Jest Snapshot v1, https://goo.gl/fbAQLP

exports[`renders correctly to match snapshot 1`] = `""`;
