// Jest Snapshot v1, https://goo.gl/fbAQLP

exports[`renders correctly to match snapshot 1`] = `"<div class=\\"question-container\\" data-testid=\\"container\\"><h3 class=\\"question\\"></h3><hr class=\\"hr\\"/></div>"`;
